Resolving dependencies...
Downloading packages...
  _fe_analyzer_shared 91.0.0 (105.0.0 available)
  _flutterfire_internals 1.3.70 (1.3.76 available)
  analyzer 8.4.1 (14.1.0 available)
  app_links 6.4.1 (7.2.1 available)
  app_links_platform_interface 2.0.2 (2.0.4 available)
  bloc 8.1.4 (9.2.1 available)
  bloc_test 9.1.7 (10.0.0 available)
  build 4.0.6 (4.0.10 available)
  build_config 1.3.0 (1.3.2 available)
  build_daemon 4.1.1 (4.1.5 available)
  build_runner 2.14.1 (2.16.0 available)
  built_value 8.12.6 (8.12.7 available)
  cli_util 0.4.2 (0.5.2 available)
  coverage 1.15.0 (1.15.1 available)
  cross_file 0.3.5+2 (0.3.5+4 available)
  dart_style 3.1.3 (3.1.12 available)
  dio 5.9.2 (5.11.0 available)
  dio_web_adapter 2.1.2 (2.2.1 available)
  equatable 2.0.8 (2.1.0 available)
  firebase_core 4.8.0 (4.13.0 available)
  firebase_core_platform_interface 7.0.0 (8.1.0 available)
  firebase_core_web 3.6.1 (3.10.0 available)
  firebase_performance 0.11.4 (0.11.4+6 available)
  firebase_performance_platform_interface 0.2.0 (0.2.0+6 available)
  firebase_performance_web 0.1.8+6 (0.1.8+12 available)
  firebase_remote_config 6.5.0 (6.5.6 available)
  firebase_remote_config_platform_interface 3.0.0 (3.0.6 available)
  firebase_remote_config_web 1.10.7 (1.10.13 available)
  flutter_bloc 8.1.6 (9.1.1 available)
  flutter_riverpod 3.3.1 (3.4.2 available)
  flutter_secure_storage 9.2.4 (11.0.0 available)
  flutter_secure_storage_linux 1.2.3 (3.0.2 available)
  flutter_secure_storage_macos 3.1.3 (4.0.0 available)
  flutter_secure_storage_platform_interface 1.1.2 (2.0.3 available)
  flutter_secure_storage_web 1.2.1 (2.1.1 available)
  flutter_secure_storage_windows 3.1.2 (4.2.2 available)
  freezed 3.2.3 (3.2.5 available)
  functions_client 2.5.0 (2.7.1 available)
  get_it 7.7.0 (9.2.1 available)
  go_router 17.2.3 (17.4.0 available)
  google_sign_in 6.3.0 (7.2.0 available)
  google_sign_in_android 6.2.1 (7.2.16 available)
  google_sign_in_ios 5.9.0 (6.3.0 available)
  google_sign_in_platform_interface 2.5.0 (3.1.0 available)
  google_sign_in_web 0.12.4+4 (1.1.3 available)
  gotrue 2.20.0 (2.27.1 available)
  image 4.8.0 (4.9.1 available)
  intl 0.20.2 (0.20.3 available)
  js 0.6.7 (0.7.2 available)
  json_annotation 4.9.0 (4.12.0 available)
  json_serializable 6.11.2 (6.14.1 available)
  matcher 0.12.19 (0.12.20 available)
  meta 1.17.0 (1.19.0 available)
  mockito 5.6.4 (5.8.1 available)
  package_config 2.2.0 (3.0.0 available)
  path_provider 2.1.5 (2.1.6 available)
! path_provider_android 2.2.22 (overridden) (2.3.1 available)
! path_provider_foundation 2.5.1 (overridden) (2.6.0 available)
  path_provider_linux 2.2.1 (2.2.2 available)
  path_provider_platform_interface 2.1.2 (2.1.3 available)
  posix 6.5.0 (6.5.2 available)
  postgrest 2.7.0 (2.9.1 available)
  realtime_client 2.7.3 (2.13.0 available)
  riverpod 3.2.1 (3.4.2 available)
  share_plus 10.1.4 (13.3.0 available)
  share_plus_platform_interface 5.0.2 (7.2.0 available)
  shared_preferences_android 2.4.23 (2.4.27 available)
  sign_in_with_apple 6.1.4 (8.1.0 available)
  sign_in_with_apple_platform_interface 1.1.0 (2.0.0 available)
  sign_in_with_apple_web 2.1.1 (3.0.0 available)
  source_gen 4.2.3 (4.2.4 available)
  source_helper 1.3.8 (1.3.13 available)
  storage_client 2.5.2 (2.8.0 available)
  supabase 2.10.6 (2.16.0 available)
  supabase_flutter 2.12.4 (2.17.1 available)
  test 1.30.0 (1.31.2 available)
  test_api 0.7.10 (0.7.13 available)
  test_core 0.6.16 (0.6.19 available)
  url_launcher_android 6.3.29 (6.3.32 available)
  uuid 4.5.3 (4.6.0 available)
  vector_graphics 1.2.1 (1.2.3 available)
  vector_graphics_compiler 1.2.2 (1.3.0 available)
  vector_math 2.2.0 (2.4.2 available)
  very_good_analysis 10.1.0 (10.3.0 available)
  win32 5.15.0 (6.4.0 available)
  xml 6.6.1 (7.0.1 available)
  yet_another_json_isolate 2.1.0 (2.1.1 available)
Got dependencies!
87 packages have newer versions incompatible with dependency constraints.
Try `flutter pub outdated` for more information.
Analyzing grex...                                               
No issues found! (ran in 5.7s)
